sample_name,1_metabat2,2_concoct,3_vamb,4_maxbin2,5_dastool
zymo_pos_cntrl_done.txt,home/lam4003/bin/camp_binning/test_out/binning/1_metabat2/zymo_pos_cntrl_done.txt,home/lam4003/bin/camp_binning/test_out/binning/2_concoct/zymo_pos_cntrl_done.txt,home/lam4003/bin/camp_binning/test_out/binning/3_vamb/zymo_pos_cntrl_done.txt,home/lam4003/bin/camp_binning/test_out/binning/4_maxbin2/zymo_pos_cntrl_done.txt,home/lam4003/bin/camp_binning/test_out/binning/5_dastool/zymo_pos_cntrl_done.txt
